// Vitest Snapshot v1

exports[`index importer > tricky index 1`] = `
"export const routes = [{
  path: \\"/path/to/docs/\\",
  component: () => import(\\"/README.md\\")
}, {
  path: \\"/path/to/docs/level-one\\",
  component: () => import(\\"/level-one.md\\")
}, {
  path: \\"/path/to/docs/level-two\\",
  component: () => import(\\"/level-two.md\\")
}, {
  path: \\"/path/to/docs/level-three\\",
  component: () => import(\\"/level-three.md\\")
}, {
  path: \\"/path/to/docs/level-four\\",
  component: () => import(\\"/level-four.md\\")
}, {
  path: \\"/path/to/docs/again\\",
  component: () => import(\\"/again.md\\")
}];
export const toc = [{
  path: \\"/path/to/docs/\\",
  text: \\"Introduction\\"
}, {
  path: \\"/path/to/docs/level-one\\",
  text: \\"Level One\\",
  children: [{
    path: \\"/path/to/docs/level-two\\",
    text: \\"Level Two\\",
    children: [{
      path: \\"/path/to/docs/level-three\\",
      text: \\"Level Three\\",
      children: [{
        path: \\"/path/to/docs/level-four\\",
        text: \\"Level Four\\"
      }]
    }]
  }]
}, {
  path: \\"/path/to/docs/again\\",
  text: \\"Back to Level One\\"
}];
"
`;
